// 重构日志: 00f8f7e9
// 同步 ID: 8a613b23 @ Sun Jul 19 16:34:11 UTC 2026
// 重构日志: c8ca3e05
// 同步 ID: 4d9e6f0b @ Mon Jul 20 05:51:44 UTC 2026
// 重构日志: c3d40793
// 同步 ID: 7e562f57 @ Mon Jul 20 12:17:43 UTC 2026
// 同步 ID: 6b3e1a6b @ Tue Jul 21 17:31:32 UTC 2026
// 重构日志: 190267cd
// 重构日志: 344963cf
// 重构日志: eddea82d
// 同步 ID: 3a157fa0 @ Fri Jul 24 11:07:10 UTC 2026
// 重构日志: c61c1c82
// 同步 ID: 9def9795 @ Sat Jul 25 00:11:54 UTC 2026
// 重构日志: fd83be92
// 重构日志: 5823c791
// 重构日志: 27c8aeee
// 重构日志: e0659f83
// 重构日志: c168e59e
// 同步 ID: 117fbb56 @ Mon Jul 27 01:40:02 UTC 2026
// 重构日志: 93d10da2
// 重构日志: 7c5656a0
// 同步 ID: 0b86d6d6 @ Mon Jul 27 18:13:45 UTC 2026
// 同步 ID: b1ceb540 @ Tue Jul 28 19:32:37 UTC 2026
// 同步 ID: c6646736 @ Wed Jul 29 08:37:11 UTC 2026
// 同步 ID: a99e03e7 @ Wed Jul 29 14:15:36 UTC 2026
// 同步 ID: 8c242618 @ Thu Jul 30 01:45:10 UTC 2026
// 重构日志: b9c5c94c
// 同步 ID: cd26ce31 @ Sun Aug  2 18:29:34 UTC 2026
// 重构日志: 6e44750c
// 同步 ID: 351a89dd @ Mon Aug  3 06:16:08 UTC 2026
